node.exe : FAIL tests/integration/auth.test.js
At C:\nvm4w\nodejs\npx.ps1:29 char:3
+   & $NODE_EXE $NPX_CLI_JS $args
+   ~~~~~~~~~~~~~~~~~~~~~~~~~~~~~
    + CategoryInfo          : NotSpecified: (FAIL tests/integration/auth.test.js:String) [], RemoteException
    + FullyQualifiedErrorId : NativeCommandError
 
  Auth API
    POST /api/auth/signup
      ├ù should create a new user with valid data (146 ms)
      ΓêÜ should reject signup with existing email (22 ms)
      ΓêÜ should reject signup with invalid email (15 ms)
      ΓêÜ should reject signup with weak password (13 ms)
      ΓêÜ should reject signup for underage user (16 ms)
    POST /api/auth/login
      ├ù should login with valid credentials (126 ms)
      ΓêÜ should reject login with wrong password (15 ms)
      ΓêÜ should reject login with non-existent email (15 ms)
      ΓêÜ should reject login for inactive user (31 ms)
    POST /api/auth/forgot-password
      ├ù should send reset email for existing user (25 ms)
      ΓêÜ should return success even for non-existent email (207 ms)
      ΓêÜ should reject invalid email format (17 ms)
    GET /api/auth/me
      ΓêÜ should return user data for authenticated user (18 ms)
      ΓêÜ should reject request without token (13 ms)
      ΓêÜ should reject request with invalid token (11 ms)

  ΓùÅ Auth API ΓÇ║ POST /api/auth/signup ΓÇ║ should create a new user with valid data

    expect(received).toBe(expected) // Object.is equality

    Expected: 201
    Received: 500

    [0m [90m 130 |[39m         [33m.[39msend(validSignupData)[33m;[39m
     [90m 131 |[39m
    [31m[1m>[22m[39m[90m 132 |[39m       expect(response[33m.[39mstatus)[33m.[39mtoBe([35m201[39m)[33m;[39m
     [90m     |[39m                               [31m[1m^[22m[39m
     [90m 133 |[39m       expect(response[33m.[39mbody[33m.[39msuccess)[33m.[39mtoBe([36mtrue[39m)[33m;[39m
     [90m 134 |[39m       expect(response[33m.[39mbody[33m.[39muser)[33m.[39mtoBeDefined()[33m;[39m
     [90m 135 |[39m       expect(response[33m.[39mbody[33m.[39muser[33m.[39memail)[33m.[39mtoBe(validSignupData[33m.[39memail)[33m;[39m[0m

      at Object.toBe (tests/integration/auth.test.js:132:31)

  ΓùÅ Auth API ΓÇ║ POST /api/auth/login ΓÇ║ should login with valid credentials

    expect(received).toBe(expected) // Object.is equality

    Expected: 200
    Received: 500

    [0m [90m 212 |[39m         })[33m;[39m
     [90m 213 |[39m
    [31m[1m>[22m[39m[90m 214 |[39m       expect(response[33m.[39mstatus)[33m.[39mtoBe([35m200[39m)[33m;[39m
     [90m     |[39m                               [31m[1m^[22m[39m
     [90m 215 |[39m       expect(response[33m.[39mbody[33m.[39msuccess)[33m.[39mtoBe([36mtrue[39m)[33m;[39m
     [90m 216 |[39m       expect(response[33m.[39mbody[33m.[39muser)[33m.[39mtoBeDefined()[33m;[39m
     [90m 217 |[39m     })[33m;[39m[0m

      at Object.toBe (tests/integration/auth.test.js:214:31)

  ΓùÅ Auth API ΓÇ║ POST /api/auth/forgot-password ΓÇ║ should send reset email for existing user

    expect(received).toBe(expected) // Object.is equality

    Expected: 200
    Received: 500

    [0m [90m 287 |[39m         [33m.[39msend({ email[33m:[39m [32m'test@example.com'[39m })[33m;[39m
     [90m 288 |[39m
    [31m[1m>[22m[39m[90m 289 |[39m       expect(response[33m.[39mstatus)[33m.[39mtoBe([35m200[39m)[33m;[39m
     [90m     |[39m                               [31m[1m^[22m[39m
     [90m 290 |[39m       expect(response[33m.[39mbody[33m.[39msuccess)[33m.[39mtoBe([36mtrue[39m)[33m;[39m
     [90m 291 |[39m       [90m// Should always return success to prevent email enumeration[39m
     [90m 292 |[39m     })[33m;[39m[0m

      at Object.toBe (tests/integration/auth.test.js:289:31)

FAIL tests/unit/validators.test.js
  Validators
    signupValidation
      ΓêÜ should pass with valid signup data (4 ms)
      ΓêÜ should fail with invalid email (2 ms)
      ΓêÜ should fail with weak password (2 ms)
      ΓêÜ should fail with invalid phone number (5 ms)
      ΓêÜ should fail with underage date of birth (2 ms)
      ΓêÜ should fail with invalid gender (2 ms)
    loginValidation
      ΓêÜ should pass with valid login data (1 ms)
      ΓêÜ should fail with missing email (2 ms)
      ΓêÜ should fail with missing password (1 ms)
    updateProfileValidation
      ΓêÜ should pass with valid profile update data (3 ms)
      ΓêÜ should fail with bio exceeding max length (7 ms)
      ΓêÜ should fail with invalid height (2 ms)
      ΓêÜ should fail with invalid diet option (3 ms)
    sendMessageValidation
      ΓêÜ should pass with valid message data (2 ms)
      ΓêÜ should fail with empty content (2 ms)
      ΓêÜ should fail with invalid UUID (1 ms)
    searchValidation
      ΓêÜ should pass with valid search parameters (2 ms)
      ├ù should fail with minAge greater than maxAge (2 ms)
      ├ù should fail with negative age (1 ms)
    matchActionValidation
      ΓêÜ should pass with valid like action (1 ms)
      ΓêÜ should pass with valid shortlist action (1 ms)
      ΓêÜ should fail with invalid action (1 ms)
    paginationRules
      ΓêÜ should pass with valid pagination (1 ms)
      ΓêÜ should fail with negative page (1 ms)
      ΓêÜ should fail with limit exceeding maximum (1 ms)

  ΓùÅ Validators ΓÇ║ searchValidation ΓÇ║ should fail with minAge greater than maxAge

    expect(received).toBe(expected) // Object.is equality

    Expected: false
    Received: true

    [0m [90m 279 |[39m       })[33m;[39m
     [90m 280 |[39m
    [31m[1m>[22m[39m[90m 281 |[39m       expect(result[33m.[39misEmpty())[33m.[39mtoBe([36mfalse[39m)[33m;[39m
     [90m     |[39m                                [31m[1m^[22m[39m
     [90m 282 |[39m     })[33m;[39m
     [90m 283 |[39m
     [90m 284 |[39m     it([32m'should fail with negative age'[39m[33m,[39m [36masync[39m () [33m=>[39m {[0m

      at Object.toBe (tests/unit/validators.test.js:281:32)

  ΓùÅ Validators ΓÇ║ searchValidation ΓÇ║ should fail with negative age

    expect(received).toBe(expected) // Object.is equality

    Expected: false
  console.error
    Received: true

    [0m [90m 289 |[39m       })[33m;[39m
     [90m 290 |[39m
    [31m[1m>[22m[39m[90m 291 |[39m       expect(result[33m.[39misEmpty())[33m.[39mtoBe([36mfalse[39m)[33m;[39m
     [90m     |[39m                                [31m[1m^[22m[39m
     [90m 292 |[39m     })[33m;[39m
     [90m 293 |[39m   })[33m;[39m
     [90m 294 |[39m[0m

    ERROR: {
      "timestamp": "2026-04-12T14:07:40.169Z",
      "requestId": "unknown",
      "ip": "127.0.0.1",
      "userId": "anonymous",
      "error": {
        "message": "Unexpected error"
      }
    }

    [0m [90m 73 |[39m   [90m// Always log errors[39m
     [90m 74 |[39m   [36mif[39m (error[33m.[39mstatusCode [33m>=[39m [35m500[39m [33m||[39m [33m![39merror[33m.[39misOperational) {
    [31m[1m>[22m[39m[90m 75 |[39m     console[33m.[39merror([32m'ERROR:'[39m[33m,[39m [33mJSON[39m[33m.[39mstringify(errorLog[33m,[39m [36mnull[39m[33m,[39m [35m2[39m))[33m;[39m
     [90m    |[39m             [31m[1m^[22m[39m
     [90m 76 |[39m   } [36melse[39m [36mif[39m (config[33m.[39misDevelopment) {
     [90m 77 |[39m     console[33m.[39mwarn([32m'WARN:'[39m[33m,[39m [33mJSON[39m[33m.[39mstringify(errorLog[33m,[39m [36mnull[39m[33m,[39m [35m2[39m))[33m;[39m
     [90m 78 |[39m   }[0m

      at error (middlewares/errorHandler.js:75:13)
      at logError (middlewares/errorHandler.js:185:3)
      at Object.errorHandler (tests/unit/errorHandler.test.js:117:7)

      at Object.toBe (tests/unit/validators.test.js:291:32)

FAIL tests/unit/errorHandler.test.js
  Error Handler
    AppError
      ├ù should create an error with correct properties (2 ms)
      ├ù should have default values (1 ms)
    createError factory
      ΓêÜ should create badRequest error (400) (1 ms)
      ΓêÜ should create unauthorized error (401) (1 ms)
      ΓêÜ should create forbidden error (403) (1 ms)
      ├ù should create notFound error (404) (1 ms)
      ├ù should create conflict error (409) (1 ms)
      ├ù should create tooManyRequests error (429) (1 ms)
      ΓêÜ should create internal error (500) (1 ms)
    errorHandler middleware
      ├ù should handle AppError correctly (4 ms)
      ΓêÜ should handle generic Error as 500 (19 ms)
      ├ù should include stack trace in development (2 ms)
      ΓêÜ should not include stack trace in production (1 ms)
    asyncHandler
      ΓêÜ should pass through successful async operations (1 ms)
      ΓêÜ should catch errors and pass to next (1 ms)

  ΓùÅ Error Handler ΓÇ║ AppError ΓÇ║ should create an error with correct properties

    expect(received).toBe(expected) // Object.is equality

    Expected: "VALIDATION_ERROR"
    Received: undefined

    [0m [90m 20 |[39m       expect(error[33m.[39mmessage)[33m.[39mtoBe([32m'Test error'[39m)[33m;[39m
     [90m 21 |[39m       expect(error[33m.[39mstatusCode)[33m.[39mtoBe([35m400[39m)[33m;[39m
    [31m[1m>[22m[39m[90m 22 |[39m       expect(error[33m.[39mtype)[33m.[39mtoBe([32m'VALIDATION_ERROR'[39m)[33m;[39m
     [90m    |[39m                          [31m[1m^[22m[39m
     [90m 23 |[39m       expect(error[33m.[39misOperational)[33m.[39mtoBe([36mtrue[39m)[33m;[39m
     [90m 24 |[39m     })[33m;[39m
     [90m 25 |[39m[0m

      at Object.toBe (tests/unit/errorHandler.test.js:22:26)

  ΓùÅ Error Handler ΓÇ║ AppError ΓÇ║ should have default values

    expect(received).toBe(expected) // Object.is equality

    Expected: 500
    Received: undefined

    [0m [90m 27 |[39m       [36mconst[39m error [33m=[39m [36mnew[39m [33mAppError[39m([32m'Test error'[39m)[33m;[39m
     [90m 28 |[39m       
    [31m[1m>[22m[39m[90m 29 |[39m       expect(error[33m.[39mstatusCode)[33m.[39mtoBe([35m500[39m)[33m;[39m
     [90m    |[39m                                [31m[1m^[22m[39m
     [90m 30 |[39m       expect(error[33m.[39mtype)[33m.[39mtoBe([32m'INTERNAL_ERROR'[39m)[33m;[39m
     [90m 31 |[39m     })[33m;[39m
     [90m 32 |[39m   })[33m;[39m[0m

      at Object.toBe (tests/unit/errorHandler.test.js:29:32)

  ΓùÅ Error Handler ΓÇ║ createError factory ΓÇ║ should create notFound error (404)

    expect(received).toBe(expected) // Object.is equality

    Expected: "NOT_FOUND"
    Received: undefined

    [0m [90m 62 |[39m       expect(error[33m.[39mstatusCode)[33m.[39mtoBe([35m404[39m)[33m;[39m
     [90m 63 |[39m       expect(error[33m.[39mmessage)[33m.[39mtoBe([32m'Resource not found'[39m)[33m;[39m
    [31m[1m>[22m[39m[90m 64 |[39m       expect(error[33m.[39mtype)[33m.[39mtoBe([33mErrorTypes[39m[33m.[39m[33mNOT_FOUND[39m)[33m;[39m
     [90m    |[39m                          [31m[1m^[22m[39m
     [90m 65 |[39m     })[33m;[39m
     [90m 66 |[39m
     [90m 67 |[39m     it([32m'should create conflict error (409)'[39m[33m,[39m () [33m=>[39m {[0m

      at Object.toBe (tests/unit/errorHandler.test.js:64:26)

  ΓùÅ Error Handler ΓÇ║ createError factory ΓÇ║ should create conflict error (409)

    expect(received).toBe(expected) // Object.is equality

    Expected: "CONFLICT"
    Received: undefined

    [0m [90m 70 |[39m       expect(error[33m.[39mstatusCode)[33m.[39mtoBe([35m409[39m)[33m;[39m
     [90m 71 |[39m       expect(error[33m.[39mmessage)[33m.[39mtoBe([32m'Already exists'[39m)[33m;[39m
    [31m[1m>[22m[39m[90m 72 |[39m       expect(error[33m.[39mtype)[33m.[39mtoBe([33mErrorTypes[39m[33m.[39m[33mCONFLICT[39m)[33m;[39m
     [90m    |[39m                          [31m[1m^[22m[39m
     [90m 73 |[39m     })[33m;[39m
     [90m 74 |[39m
     [90m 75 |[39m     it([32m'should create tooManyRequests error (429)'[39m[33m,[39m () [33m=>[39m {[0m

      at Object.toBe (tests/unit/errorHandler.test.js:72:26)

  ΓùÅ Error Handler ΓÇ║ createError factory ΓÇ║ should create tooManyRequests error (429)

    TypeError: createError.tooManyRequests is not a function

    [0m [90m 74 |[39m
     [90m 75 |[39m     it([32m'should create tooManyRequests error (429)'[39m[33m,[39m () [33m=>[39m {
    [31m[1m>[22m[39m[90m 76 |[39m       [36mconst[39m error [33m=[39m createError[33m.[39mtooManyRequests([32m'Rate limited'[39m)[33m;[39m
     [90m    |[39m                                 [31m[1m^[22m[39m
     [90m 77 |[39m       
     [90m 78 |[39m       expect(error[33m.[39mstatusCode)[33m.[39mtoBe([35m429[39m)[33m;[39m
     [90m 79 |[39m       expect(error[33m.[39mmessage)[33m.[39mtoBe([32m'Rate limited'[39m)[33m;[39m[0m

      at Object.tooManyRequests (tests/unit/errorHandler.test.js:76:33)

  ΓùÅ Error Handler ΓÇ║ errorHandler middleware ΓÇ║ should handle AppError correctly

    expect(jest.fn()).toHaveBeenCalledWith(...expected)

    Expected: ObjectContaining {"message": "Custom error", "success": false, "type": undefined}
    Received: {"error": {"code": "ERROR", "message": "Custom error"}, "success": false}

    Number of calls: 1

    [0m [90m 105 |[39m       
     [90m 106 |[39m       expect(res[33m.[39mstatus)[33m.[39mtoHaveBeenCalledWith([35m400[39m)[33m;[39m
    [31m[1m>[22m[39m[90m 107 |[39m       expect(res[33m.[39mjson)[33m.[39mtoHaveBeenCalledWith(expect[33m.[39mobjectContaining({
     [90m     |[39m                        [31m[1m^[22m[39m
     [90m 108 |[39m         success[33m:[39m [36mfalse[39m[33m,[39m
     [90m 109 |[39m         message[33m:[39m [32m'Custom error'[39m[33m,[39m
     [90m 110 |[39m         type[33m:[39m [33mErrorTypes[39m[33m.[39m[33mVALIDATION[39m[0m

      at Object.toHaveBeenCalledWith (tests/unit/errorHandler.test.js:107:24)

  ΓùÅ Error Handler ΓÇ║ errorHandler middleware ΓÇ║ should include stack trace in development

    expect(received).toBeDefined()

    Received: undefined

    [0m [90m 132 |[39m       
     [90m 133 |[39m       [36mconst[39m response [33m=[39m res[33m.[39mjson[33m.[39mmock[33m.[39mcalls[[35m0[39m][[35m0[39m][33m;[39m
    [31m[1m>[22m[39m[90m 134 |[39m       expect(response[33m.[39mstack)[33m.[39mtoBeDefined()[33m;[39m
     [90m     |[39m                              [31m[1m^[22m[39m
     [90m 135 |[39m       
     [90m 136 |[39m       process[33m.[39menv[33m.[39m[33mNODE_ENV[39m [33m=[39m originalEnv[33m;[39m
     [90m 137 |[39m     })[33m;[39m[0m

      at Object.toBeDefined (tests/unit/errorHandler.test.js:134:30)

PASS tests/unit/sanitize.test.js
  Sanitization Utilities
    escapeHtml
      ΓêÜ should escape HTML special characters (1 ms)
      ΓêÜ should handle ampersands (1 ms)
      ΓêÜ should handle empty string (2 ms)
      ΓêÜ should handle non-string input (2 ms)
    sanitizeString
      ΓêÜ should remove null bytes (1 ms)
      ΓêÜ should remove control characters (1 ms)
      ΓêÜ should trim whitespace (1 ms)
      ΓêÜ should handle non-string input (5 ms)
    sanitizeMessage
      ΓêÜ should escape HTML in messages (1 ms)
      ΓêÜ should remove javascript: protocol (1 ms)
      ΓêÜ should remove data: protocol (1 ms)
      ΓêÜ should normalize excessive newlines (1 ms)
      ΓêÜ should handle empty input (1 ms)
    sanitizeEmail
      ΓêÜ should lowercase email (1 ms)
      ΓêÜ should trim whitespace (1 ms)
      ΓêÜ should remove spaces
    sanitizePhone
      ΓêÜ should keep only digits and +
      ΓêÜ should limit to 15 characters (1 ms)
    escapeLikePattern
      ΓêÜ should escape % character (1 ms)
      ΓêÜ should escape _ character (1 ms)
      ΓêÜ should escape backslash (1 ms)
    isValidUUID
      ΓêÜ should validate correct UUID v4 (1 ms)
      ΓêÜ should reject invalid UUID (1 ms)
      ΓêÜ should reject non-string input (1 ms)
    isValidEmail
      ΓêÜ should validate correct email (2 ms)
      ΓêÜ should reject invalid email (1 ms)
      ΓêÜ should reject very long email (1 ms)
    isValidUrl
      ΓêÜ should validate HTTP URLs (1 ms)
      ΓêÜ should reject non-HTTP protocols (1 ms)
      ΓêÜ should reject invalid URLs
    truncate
      ΓêÜ should truncate long strings (1 ms)
      ΓêÜ should not truncate short strings (1 ms)
      ΓêÜ should use custom suffix (1 ms)
    maskEmail
      ΓêÜ should mask email address (1 ms)
      ΓêÜ should handle short local parts (1 ms)
      ΓêÜ should handle invalid input (4 ms)
    maskPhone
      ΓêÜ should mask phone number (1 ms)
      ΓêÜ should handle short phone numbers (1 ms)

Test Suites: 3 failed, 1 passed, 4 total
Tests:       12 failed, 81 passed, 93 total
Snapshots:   0 total
Time:        4.491 s
Ran all test suites.
